分类: 成人, 名称: MILF, 有效: 0, IPv4: 1, IPv6: 0, 最小延迟: 798 ms, 最高速率: 0.79 M/s, 平均速率: 0.00 M/s, 最高分辨率: None
分类: 成人, 名称: Big Dick, 有效: 0, IPv4: 1, IPv6: 0, 最小延迟: 809 ms, 最高速率: 0.81 M/s, 平均速率: 0.00 M/s, 最高分辨率: None
分类: 成人, 名称: Live Cams, 有效: 0, IPv4: 1, IPv6: 0, 最小延迟: 811 ms, 最高速率: 0.79 M/s, 平均速率: 0.00 M/s, 最高分辨率: None
分类: 成人, 名称: Pornstar, 有效: 0, IPv4: 1, IPv6: 0, 最小延迟: 839 ms, 最高速率: 0.79 M/s, 平均速率: 0.00 M/s, 最高分辨率: None
分类: 成人, 名称: Interracial, 有效: 0, IPv4: 1, IPv6: 0, 最小延迟: 837 ms, 最高速率: 0.79 M/s, 平均速率: 0.00 M/s, 最高分辨率: None
分类: 成人, 名称: Big Ass, 有效: 0, IPv4: 1, IPv6: 0, 最小延迟: 831 ms, 最高速率: 0.80 M/s, 平均速率: 0.00 M/s, 最高分辨率: None
分类: 成人, 名称: Big Tits, 有效: 0, IPv4: 1, IPv6: 0, 最小延迟: 840 ms, 最高速率: 0.81 M/s, 平均速率: 0.00 M/s, 最高分辨率: None
分类: 成人, 名称: Fetish, 有效: 0, IPv4: 1, IPv6: 0, 最小延迟: 834 ms, 最高速率: 0.78 M/s, 平均速率: 0.00 M/s, 最高分辨率: None
分类: 成人, 名称: Latina, 有效: 0, IPv4: 1, IPv6: 0, 最小延迟: 788 ms, 最高速率: 0.81 M/s, 平均速率: 0.00 M/s, 最高分辨率: None
分类: 成人, 名称: POV, 有效: 0, IPv4: 1, IPv6: 0, 最小延迟: 798 ms, 最高速率: 0.80 M/s, 平均速率: 0.00 M/s, 最高分辨率: None
分类: 成人, 名称: Blowjob, 有效: 0, IPv4: 1, IPv6: 0, 最小延迟: 801 ms, 最高速率: 0.80 M/s, 平均速率: 0.00 M/s, 最高分辨率: None
分类: 成人, 名称: Russian, 有效: 0, IPv4: 1, IPv6: 0, 最小延迟: 802 ms, 最高速率: 0.83 M/s, 平均速率: 0.00 M/s, 最高分辨率: None
分类: 成人, 名称: Threesome, 有效: 0, IPv4: 1, IPv6: 0, 最小延迟: 803 ms, 最高速率: 0.80 M/s, 平均速率: 0.00 M/s, 最高分辨率: None
分类: 成人, 名称: Hardcore, 有效: 0, IPv4: 1, IPv6: 0, 最小延迟: 826 ms, 最高速率: 0.79 M/s, 平均速率: 0.00 M/s, 最高分辨率: None
分类: 成人, 名称: Cuckold, 有效: 0, IPv4: 1, IPv6: 0, 最小延迟: 836 ms, 最高速率: 0.79 M/s, 平均速率: 0.00 M/s, 最高分辨率: None
分类: 成人, 名称: Teen, 有效: 0, IPv4: 1, IPv6: 0, 最小延迟: 795 ms, 最高速率: 0.81 M/s, 平均速率: 0.00 M/s, 最高分辨率: None
分类: 成人, 名称: Lesbian, 有效: 0, IPv4: 1, IPv6: 0, 最小延迟: 794 ms, 最高速率: 0.82 M/s, 平均速率: 0.00 M/s, 最高分辨率: None
分类: 成人, 名称: Rough, 有效: 0, IPv4: 1, IPv6: 0, 最小延迟: 786 ms, 最高速率: 0.78 M/s, 平均速率: 0.00 M/s, 最高分辨率: None
分类: 成人, 名称: Anal, 有效: 0, IPv4: 1, IPv6: 0, 最小延迟: 792 ms, 最高速率: 0.81 M/s, 平均速率: 0.00 M/s, 最高分辨率: None
分类: 成人, 名称: Compilation, 有效: 0, IPv4: 1, IPv6: 0, 最小延迟: 800 ms, 最高速率: 0.81 M/s, 平均速率: 0.00 M/s, 最高分辨率: None
分类: 成人, 名称: Blonde, 有效: 0, IPv4: 1, IPv6: 0, 最小延迟: 792 ms, 最高速率: 0.81 M/s, 平均速率: 0.00 M/s, 最高分辨率: None
分类: 成人, 名称: Gangbang, 有效: 0, IPv4: 1, IPv6: 0, 最小延迟: 828 ms, 最高速率: 0.81 M/s, 平均速率: 0.00 M/s, 最高分辨率: None
分类: 成人, 名称: Brunette, 有效: 0, IPv4: 1, IPv6: 0, 最小延迟: 841 ms, 最高速率: 0.81 M/s, 平均速率: 0.00 M/s, 最高分辨率: None
分类: 成人, 名称: XXX MILF, 有效: 0, IPv4: 1, IPv6: 0, 最小延迟: 815 ms, 最高速率: 0.80 M/s, 平均速率: 0.00 M/s, 最高分辨率: None
分类: 成人, 名称: MyCamTV Asian Girls, 有效: 0, IPv4: 1, IPv6: 0, 最小延迟: 823 ms, 最高速率: 0.80 M/s, 平均速率: 0.00 M/s, 最高分辨率: None
分类: 成人, 名称: MyCamTV Mature, 有效: 0, IPv4: 1, IPv6: 0, 最小延迟: 827 ms, 最高速率: 0.79 M/s, 平均速率: 0.00 M/s, 最高分辨率: None
分类: 成人, 名称: MyCamTV MILF, 有效: 0, IPv4: 1, IPv6: 0, 最小延迟: 829 ms, 最高速率: 0.79 M/s, 平均速率: 0.00 M/s, 最高分辨率: None
分类: 成人, 名称: MyCamTV Brunette Girls, 有效: 0, IPv4: 1, IPv6: 0, 最小延迟: 819 ms, 最高速率: 0.79 M/s, 平均速率: 0.00 M/s, 最高分辨率: None
分类: 成人, 名称: MyCamTV Latina Girls, 有效: 0, IPv4: 1, IPv6: 0, 最小延迟: 816 ms, 最高速率: 0.80 M/s, 平均速率: 0.00 M/s, 最高分辨率: None
分类: 成人, 名称: MyCamTV Ebony Girls, 有效: 1, IPv4: 1, IPv6: 0, 最小延迟: 921 ms, 最高速率: 1.14 M/s, 平均速率: 1.14 M/s, 最高分辨率: None
分类: 成人, 名称: MyCamTV Young Girls, 有效: 1, IPv4: 1, IPv6: 0, 最小延迟: 912 ms, 最高速率: 1.12 M/s, 平均速率: 1.12 M/s, 最高分辨率: None
分类: 成人, 名称: MyCamTV Arab Girls, 有效: 1, IPv4: 1, IPv6: 0, 最小延迟: 918 ms, 最高速率: 1.12 M/s, 平均速率: 1.12 M/s, 最高分辨率: None
分类: 成人, 名称: MyCamTV Blonde Girls, 有效: 0, IPv4: 1, IPv6: 0, 最小延迟: 810 ms, 最高速率: 0.80 M/s, 平均速率: 0.00 M/s, 最高分辨率: None
分类: 成人, 名称: MyCamTV Big Ass Girls, 有效: 0, IPv4: 1, IPv6: 0, 最小延迟: 817 ms, 最高速率: 0.80 M/s, 平均速率: 0.00 M/s, 最高分辨率: None
分类: 成人, 名称: MyCamTV Anal, 有效: 0, IPv4: 1, IPv6: 0, 最小延迟: 822 ms, 最高速率: 0.79 M/s, 平均速率: 0.00 M/s, 最高分辨率: None
分类: 成人, 名称: MyCamTV White Girls, 有效: 1, IPv4: 1, IPv6: 0, 最小延迟: 914 ms, 最高速率: 1.08 M/s, 平均速率: 1.08 M/s, 最高分辨率: None
分类: 成人, 名称: MyCamTV Blowjob, 有效: 0, IPv4: 1, IPv6: 0, 最小延迟: 828 ms, 最高速率: 0.79 M/s, 平均速率: 0.00 M/s, 最高分辨率: None
分类: 成人, 名称: MyCamTV Medium Girls, 有效: 1, IPv4: 1, IPv6: 0, 最小延迟: 916 ms, 最高速率: 1.13 M/s, 平均速率: 1.13 M/s, 最高分辨率: None
分类: 成人, 名称: MyCamTV Skinny Girls, 有效: 1, IPv4: 1, IPv6: 0, 最小延迟: 920 ms, 最高速率: 1.13 M/s, 平均速率: 1.13 M/s, 最高分辨率: None
分类: 成人, 名称: MyCamTV Girls Squirt, 有效: 1, IPv4: 1, IPv6: 0, 最小延迟: 914 ms, 最高速率: 1.12 M/s, 平均速率: 1.12 M/s, 最高分辨率: None
分类: 日本, 名称: Fuji TV, 有效: 1, IPv4: 1, IPv6: 0, 最小延迟: 423 ms, 最高速率: 2.85 M/s, 平均速率: 2.85 M/s, 最高分辨率: None
分类: 成人, 名称: 松视2欧美版, 有效: 0, IPv4: 1, IPv6: 0, 最小延迟: 800 ms, 最高速率: 0.81 M/s, 平均速率: 0.00 M/s, 最高分辨率: None
分类: 成人, 名称: 松视1欧美版, 有效: 0, IPv4: 2, IPv6: 0, 最小延迟: 792 ms, 最高速率: 0.81 M/s, 平均速率: 0.00 M/s, 最高分辨率: None
分类: 日本, 名称: NHK World-Japan, 有效: 2, IPv4: 2, IPv6: 0, 最小延迟: 91 ms, 最高速率: 24.28 M/s, 平均速率: 12.81 M/s, 最高分辨率: None
分类: 韓國, 名称: EBS, 有效: 0, IPv4: 1, IPv6: 0, 最小延迟: 1802 ms, 最高速率: 0.44 M/s, 平均速率: 0.00 M/s, 最高分辨率: None
分类: 韓國, 名称: EBS2, 有效: 0, IPv4: 1, IPv6: 0, 最小延迟: 1816 ms, 最高速率: 0.44 M/s, 平均速率: 0.00 M/s, 最高分辨率: None
分类: 韓國, 名称: Arirang (720p), 有效: 0, IPv4: 1, IPv6: 0, 最小延迟: 2113 ms, 最高速率: 0.54 M/s, 平均速率: 0.00 M/s, 最高分辨率: None
分类: 韓國, 名称: EBS+1, 有效: 0, IPv4: 1, IPv6: 0, 最小延迟: 1794 ms, 最高速率: 0.45 M/s, 平均速率: 0.00 M/s, 最高分辨率: None
分类: 韓國, 名称: EBS1, 有效: 0, IPv4: 1, IPv6: 0, 最小延迟: 1883 ms, 最高速率: 0.44 M/s, 平均速率: 0.00 M/s, 最高分辨率: None
分类: 韓國, 名称: Arirang Radio (720p), 有效: 0, IPv4: 1, IPv6: 0, 最小延迟: 1818 ms, 最高速率: 0.16 M/s, 平均速率: 0.00 M/s, 最高分辨率: None
分类: 韓國, 名称: EBS+2, 有效: 0, IPv4: 1, IPv6: 0, 最小延迟: 1811 ms, 最高速率: 0.43 M/s, 平均速率: 0.00 M/s, 最高分辨率: None
分类: 日本, 名称: Shop Channel Japan, 有效: 0, IPv4: 1, IPv6: 0, 最小延迟: 5321 ms, 最高速率: 0.70 M/s, 平均速率: 0.00 M/s, 最高分辨率: None
分类: 韓國, 名称: SBS CJB (CJB청주방송) (540p) [Not 24/7], 有效: 0, IPv4: 1, IPv6: 0, 最小延迟: 581 ms, 最高速率: 0.05 M/s, 平均速率: 0.00 M/s, 最高分辨率: None
分类: 韓國, 名称: MBC Daejeon (대전 MBC) (720p) [Not 24/7], 有效: 0, IPv4: 1, IPv6: 0, 最小延迟: 2903 ms, 最高速率: 0.43 M/s, 平均速率: 0.00 M/s, 最高分辨率: None
分类: 韓國, 名称: MBC경남, 有效: 0, IPv4: 1, IPv6: 0, 最小延迟: 6233 ms, 最高速率: 0.30 M/s, 平均速率: 0.00 M/s, 最高分辨率: None
分类: 韓國, 名称: WORLD, 有效: 0, IPv4: 1, IPv6: 0, 最小延迟: 2025 ms, 最高速率: 0.29 M/s, 平均速率: 0.00 M/s, 最高分辨率: None
分类: 韓國, 名称: KCTV 광주 CH05 (720p) [Not 24/7], 有效: 0, IPv4: 1, IPv6: 0, 最小延迟: 8112 ms, 最高速率: 0.43 M/s, 平均速率: 0.00 M/s, 最高分辨率: None
分类: 韓國, 名称: Korea TV, 有效: 0, IPv4: 1, IPv6: 0, 最小延迟: 8524 ms, 最高速率: 0.52 M/s, 平均速率: 0.00 M/s, 最高分辨率: None
分类: 韓國, 名称: MBC, 有效: 0, IPv4: 1, IPv6: 0, 最小延迟: 8600 ms, 最高速率: 0.39 M/s, 平均速率: 0.00 M/s, 最高分辨率: None
分类: 韓國, 名称: GugakTV국악방송 (1080p), 有效: 0, IPv4: 1, IPv6: 0, 最小延迟: 8114 ms, 最高速率: 0.60 M/s, 平均速率: 0.00 M/s, 最高分辨率: None
分类: 韓國, 名称: TV Chosun (720p), 有效: 0, IPv4: 1, IPv6: 0, 最小延迟: 1013 ms, 最高速率: 0.18 M/s, 平均速率: 0.00 M/s, 最高分辨率: None
分类: 韓國, 名称: TV Chosun 2 (720p), 有效: 0, IPv4: 1, IPv6: 0, 最小延迟: 1051 ms, 最高速率: 0.19 M/s, 平均速率: 0.00 M/s, 最高分辨率: None
分类: 美國, 名称: 30A Music (720p), 有效: 0, IPv4: 1, IPv6: 0, 最小延迟: -1 ms, 最高速率: 0.00 M/s, 平均速率: 0.00 M/s, 最高分辨率: None
分类: 韓國, 名称: SBS JIBS (JIBS SBS) (720p) [Not 24/7], 有效: 0, IPv4: 1, IPv6: 0, 最小延迟: 2261 ms, 最高速率: 0.10 M/s, 平均速率: 0.00 M/s, 最高分辨率: None
分类: 韓國, 名称: NBS Korea Agricultural Broadcasting (720p), 有效: 0, IPv4: 1, IPv6: 0, 最小延迟: 3102 ms, 最高速率: 0.13 M/s, 平均速率: 0.00 M/s, 最高分辨率: None
分类: 美國, 名称: 30A Ridiculous TV (720p), 有效: 0, IPv4: 1, IPv6: 0, 最小延迟: -1 ms, 最高速率: 0.00 M/s, 平均速率: 0.00 M/s, 最高分辨率: None
分类: 美國, 名称: 30A Television Channel, 有效: 0, IPv4: 1, IPv6: 0, 最小延迟: -1 ms, 最高速率: 0.00 M/s, 平均速率: 0.00 M/s, 最高分辨率: None
分类: 美國, 名称: 30A TV Classic Movies, 有效: 0, IPv4: 1, IPv6: 0, 最小延迟: -1 ms, 最高速率: 0.00 M/s, 平均速率: 0.00 M/s, 最高分辨率: None
分类: 韓國, 名称: KFN, 有效: 0, IPv4: 1, IPv6: 0, 最小延迟: 8554 ms, 最高速率: 0.38 M/s, 平均速率: 0.00 M/s, 最高分辨率: None
分类: 美國, 名称: 48 Hours, 有效: 1, IPv4: 1, IPv6: 0, 最小延迟: 194 ms, 最高速率: 7.88 M/s, 平均速率: 7.88 M/s, 最高分辨率: None
分类: 韓國, 名称: TBS Seoul (720p), 有效: 0, IPv4: 1, IPv6: 0, 最小延迟: 2385 ms, 最高速率: 0.97 M/s, 平均速率: 0.00 M/s, 最高分辨率: None
分类: 美國, 名称: 70s Cinema, 有效: 1, IPv4: 1, IPv6: 0, 最小延迟: 116 ms, 最高速率: 12.97 M/s, 平均速率: 12.97 M/s, 最高分辨率: None
分类: 美國, 名称: 30A Sidewalks (720p), 有效: 0, IPv4: 1, IPv6: 0, 最小延迟: -1 ms, 最高速率: 0.00 M/s, 平均速率: 0.00 M/s, 最高分辨率: None
分类: 美國, 名称: 80s Rewind, 有效: 1, IPv4: 1, IPv6: 0, 最小延迟: 135 ms, 最高速率: 11.84 M/s, 平均速率: 11.84 M/s, 最高分辨率: None
分类: 美國, 名称: 90s Throwback, 有效: 1, IPv4: 1, IPv6: 0, 最小延迟: 145 ms, 最高速率: 11.15 M/s, 平均速率: 11.15 M/s, 最高分辨率: None
分类: 美國, 名称: 30A The Beach Show (720p), 有效: 0, IPv4: 1, IPv6: 0, 最小延迟: -1 ms, 最高速率: 0.00 M/s, 平均速率: 0.00 M/s, 最高分辨率: None
分类: 韓國, 名称: NBS, 有效: 0, IPv4: 1, IPv6: 0, 最小延迟: 3048 ms, 最高速率: 0.14 M/s, 平均速率: 0.00 M/s, 最高分辨率: None
分类: 美國, 名称: 30A We Love Cars, 有效: 0, IPv4: 1, IPv6: 0, 最小延迟: -1 ms, 最高速率: 0.00 M/s, 平均速率: 0.00 M/s, 最高分辨率: None
分类: 美國, 名称: AfroLandTV (1080p), 有效: 1, IPv4: 1, IPv6: 0, 最小延迟: 85 ms, 最高速率: 35.62 M/s, 平均速率: 35.62 M/s, 最高分辨率: None
分类: 美國, 名称: Akaku 54 (Hawaii) (1080p), 有效: 1, IPv4: 1, IPv6: 0, 最小延迟: 171 ms, 最高速率: 23.08 M/s, 平均速率: 23.08 M/s, 最高分辨率: None
分类: 美國, 名称: Akaku 55 (Hawaii) (1080p), 有效: 1, IPv4: 1, IPv6: 0, 最小延迟: 171 ms, 最高速率: 20.10 M/s, 平均速率: 20.10 M/s, 最高分辨率: None
分类: 美國, 名称: Anime All Day, 有效: 1, IPv4: 1, IPv6: 0, 最小延迟: 146 ms, 最高速率: 11.62 M/s, 平均速率: 11.62 M/s, 最高分辨率: None
分类: 美國, 名称: AKC TV (1080p), 有效: 1, IPv4: 1, IPv6: 0, 最小延迟: 292 ms, 最高速率: 9.68 M/s, 平均速率: 9.68 M/s, 最高分辨率: None
分类: 美國, 名称: America's Test Kitchen, 有效: 1, IPv4: 1, IPv6: 0, 最小延迟: 158 ms, 最高速率: 9.83 M/s, 平均速率: 9.83 M/s, 最高分辨率: None
分类: 美國, 名称: AMG TV (1080p), 有效: 1, IPv4: 1, IPv6: 0, 最小延迟: 234 ms, 最高速率: 8.91 M/s, 平均速率: 8.91 M/s, 最高分辨率: None
分类: 美國, 名称: AKC TV Puppies 24/7, 有效: 1, IPv4: 1, IPv6: 0, 最小延迟: 468 ms, 最高速率: 6.78 M/s, 平均速率: 6.78 M/s, 最高分辨率: None
分类: 美國, 名称: AKC TV Meet The Breeds, 有效: 1, IPv4: 1, IPv6: 0, 最小延迟: 428 ms, 最高速率: 9.23 M/s, 平均速率: 9.23 M/s, 最高分辨率: None
分类: 美國, 名称: ABC WWAY 3, 有效: 1, IPv4: 1, IPv6: 0, 最小延迟: 304 ms, 最高速率: 14.88 M/s, 平均速率: 14.88 M/s, 最高分辨率: None
分类: 美國, 名称: Antiques Road Show UK, 有效: 1, IPv4: 1, IPv6: 0, 最小延迟: 126 ms, 最高速率: 12.56 M/s, 平均速率: 12.56 M/s, 最高分辨率: None
分类: 美國, 名称: Are We There Yet?, 有效: 1, IPv4: 1, IPv6: 0, 最小延迟: 120 ms, 最高速率: 13.04 M/s, 平均速率: 13.04 M/s, 最高分辨率: None
分类: 美國, 名称: AFV (720p), 有效: 1, IPv4: 1, IPv6: 0, 最小延迟: 371 ms, 最高速率: 4.87 M/s, 平均速率: 4.87 M/s, 最高分辨率: None
分类: 美國, 名称: Bellator MMA, 有效: 1, IPv4: 1, IPv6: 0, 最小延迟: 123 ms, 最高速率: 12.39 M/s, 平均速率: 12.39 M/s, 最高分辨率: None
分类: 美國, 名称: Best of Dr. Phil, 有效: 1, IPv4: 1, IPv6: 0, 最小延迟: 124 ms, 最高速率: 12.44 M/s, 平均速率: 12.44 M/s, 最高分辨率: None
分类: 美國, 名称: Auction Hunters, 有效: 1, IPv4: 1, IPv6: 0, 最小延迟: 136 ms, 最高速率: 11.91 M/s, 平均速率: 11.91 M/s, 最高分辨率: None
分类: 美國, 名称: Billiard TV, 有效: 1, IPv4: 1, IPv6: 0, 最小延迟: 82 ms, 最高速率: 19.77 M/s, 平均速率: 19.77 M/s, 最高分辨率: None
分类: 美國, 名称: Black Cinema, 有效: 1, IPv4: 1, IPv6: 0, 最小延迟: 84 ms, 最高速率: 18.18 M/s, 平均速率: 18.18 M/s, 最高分辨率: None
分类: 美國, 名称: Black Classics, 有效: 1, IPv4: 1, IPv6: 0, 最小延迟: 116 ms, 最高速率: 14.94 M/s, 平均速率: 14.94 M/s, 最高分辨率: None
分类: 美國, 名称: Black Ink Crew, 有效: 1, IPv4: 1, IPv6: 0, 最小延迟: 99 ms, 最高速率: 17.49 M/s, 平均速率: 17.49 M/s, 最高分辨率: None
分类: 美國, 名称: Black Throwbacks, 有效: 1, IPv4: 1, IPv6: 0, 最小延迟: 88 ms, 最高速率: 18.18 M/s, 平均速率: 18.18 M/s, 最高分辨率: None
分类: 美國, 名称: Black News Channel (720p), 有效: 1, IPv4: 1, IPv6: 0, 最小延迟: 153 ms, 最高速率: 23.34 M/s, 平均速率: 23.34 M/s, 最高分辨率: None
分类: 美國, 名称: Atlanta's 57 WATC TOO 57.2 (720p), 有效: 1, IPv4: 1, IPv6: 0, 最小延迟: 684 ms, 最高速率: 5.06 M/s, 平均速率: 5.06 M/s, 最高分辨率: None
分类: 美國, 名称: Atlanta's 57 WATC 57.1 (720p), 有效: 1, IPv4: 1, IPv6: 0, 最小延迟: 703 ms, 最高速率: 5.13 M/s, 平均速率: 5.13 M/s, 最高分辨率: None
分类: 美國, 名称: BritBox Mysteries, 有效: 1, IPv4: 1, IPv6: 0, 最小延迟: 108 ms, 最高速率: 14.11 M/s, 平均速率: 14.11 M/s, 最高分辨率: None
分类: 美國, 名称: Bloomberg Quicktake (1080p), 有效: 1, IPv4: 1, IPv6: 0, 最小延迟: 335 ms, 最高速率: 20.69 M/s, 平均速率: 20.69 M/s, 最高分辨率: None
分类: 美國, 名称: Bar Rescue, 有效: 1, IPv4: 1, IPv6: 0, 最小延迟: 155 ms, 最高速率: 11.21 M/s, 平均速率: 11.21 M/s, 最高分辨率: None
分类: 美國, 名称: Best of The Drew Barrymore Show, 有效: 1, IPv4: 1, IPv6: 0, 最小延迟: 179 ms, 最高速率: 9.30 M/s, 平均速率: 9.30 M/s, 最高分辨率: None
分类: 美國, 名称: Camp Spoopy (576p), 有效: 1, IPv4: 1, IPv6: 0, 最小延迟: 393 ms, 最高速率: 4.65 M/s, 平均速率: 4.65 M/s, 最高分辨率: None
分类: 美國, 名称: Beverly Hillbillies, 有效: 1, IPv4: 1, IPv6: 0, 最小延迟: 176 ms, 最高速率: 9.58 M/s, 平均速率: 9.58 M/s, 最高分辨率: None
分类: 美國, 名称: California Music Channel (720p) [Not 24/7], 有效: 1, IPv4: 1, IPv6: 0, 最小延迟: 329 ms, 最高速率: 15.80 M/s, 平均速率: 15.80 M/s, 最高分辨率: None
分类: 美國, 名称: CBS News 24/7, 有效: 1, IPv4: 1, IPv6: 0, 最小延迟: 126 ms, 最高速率: 13.44 M/s, 平均速率: 13.44 M/s, 最高分辨率: None
分类: 美國, 名称: CBS Sports HQ, 有效: 1, IPv4: 1, IPv6: 0, 最小延迟: 79 ms, 最高速率: 19.25 M/s, 平均速率: 19.25 M/s, 最高分辨率: None
分类: 美國, 名称: Choppertown (720p), 有效: 1, IPv4: 1, IPv6: 0, 最小延迟: 72 ms, 最高速率: 31.65 M/s, 平均速率: 31.65 M/s, 最高分辨率: None
分类: 美國, 名称: Classic Movies Channel, 有效: 1, IPv4: 1, IPv6: 0, 最小延迟: 157 ms, 最高速率: 9.99 M/s, 平均速率: 9.99 M/s, 最高分辨率: None
分类: 美國, 名称: Charge! (1080p), 有效: 1, IPv4: 1, IPv6: 0, 最小延迟: 116 ms, 最高速率: 6.93 M/s, 平均速率: 6.93 M/s, 最高分辨率: None
分类: 美國, 名称: Classic TV Drama, 有效: 1, IPv4: 1, IPv6: 0, 最小延迟: 169 ms, 最高速率: 9.90 M/s, 平均速率: 9.90 M/s, 最高分辨率: None
分类: 美國, 名称: Classic TV: Families, 有效: 1, IPv4: 1, IPv6: 0, 最小延迟: 173 ms, 最高速率: 9.63 M/s, 平均速率: 9.63 M/s, 最高分辨率: None
分类: 美國, 名称: Classic TV Comedy, 有效: 1, IPv4: 1, IPv6: 0, 最小延迟: 185 ms, 最高速率: 9.66 M/s, 平均速率: 9.66 M/s, 最高分辨率: None
分类: 美國, 名称: Classica, 有效: 1, IPv4: 1, IPv6: 0, 最小延迟: 117 ms, 最高速率: 14.03 M/s, 平均速率: 14.03 M/s, 最高分辨率: None
分类: 美國, 名称: CMT Equal Play, 有效: 1, IPv4: 1, IPv6: 0, 最小延迟: 136 ms, 最高速率: 11.78 M/s, 平均速率: 11.78 M/s, 最高分辨率: None
分类: 美國, 名称: Comedy Central Animation, 有效: 1, IPv4: 1, IPv6: 0, 最小延迟: 165 ms, 最高速率: 11.54 M/s, 平均速率: 11.54 M/s, 最高分辨率: None
分类: 美國, 名称: Comedy Central Pluto TV, 有效: 1, IPv4: 1, IPv6: 0, 最小延迟: 100 ms, 最高速率: 17.47 M/s, 平均速率: 17.47 M/s, 最高分辨率: None
分类: 美國, 名称: Comet (1080p), 有效: 1, IPv4: 1, IPv6: 0, 最小延迟: 73 ms, 最高速率: 12.98 M/s, 平均速率: 12.98 M/s, 最高分辨率: None
分类: 美國, 名称: CSI, 有效: 1, IPv4: 1, IPv6: 0, 最小延迟: 136 ms, 最高速率: 14.48 M/s, 平均速率: 14.48 M/s, 最高分辨率: None
分类: 美國, 名称: Dallas Cowboys Cheerleaders, 有效: 1, IPv4: 1, IPv6: 0, 最小延迟: 117 ms, 最高速率: 14.90 M/s, 平均速率: 14.90 M/s, 最高分辨率: None
分类: 美國, 名称: Degrassi, 有效: 1, IPv4: 1, IPv6: 0, 最小延迟: 100 ms, 最高速率: 15.55 M/s, 平均速率: 15.55 M/s, 最高分辨率: None
分类: 美國, 名称: CBS 9 Oklahoma City OK (KWTV-DT1) (720p) [Not 24/7], 有效: 1, IPv4: 1, IPv6: 0, 最小延迟: 308 ms, 最高速率: 16.89 M/s, 平均速率: 16.89 M/s, 最高分辨率: None
分类: 美國, 名称: Dora TV, 有效: 1, IPv4: 1, IPv6: 0, 最小延迟: 87 ms, 最高速率: 17.67 M/s, 平均速率: 17.67 M/s, 最高分辨率: None
分类: 美國, 名称: Cooking Panda (576p), 有效: 1, IPv4: 1, IPv6: 0, 最小延迟: 314 ms, 最高速率: 12.12 M/s, 平均速率: 12.12 M/s, 最高分辨率: None
分类: 美國, 名称: Family Ties, 有效: 1, IPv4: 1, IPv6: 0, 最小延迟: 90 ms, 最高速率: 17.57 M/s, 平均速率: 17.57 M/s, 最高分辨率: None
分类: 美國, 名称: Deal or No Deal (1080p), 有效: 1, IPv4: 1, IPv6: 0, 最小延迟: 382 ms, 最高速率: 8.25 M/s, 平均速率: 8.25 M/s, 最高分辨率: None
分类: 美國, 名称: FIFA+ United States (720p), 有效: 1, IPv4: 1, IPv6: 0, 最小延迟: 129 ms, 最高速率: 17.88 M/s, 平均速率: 17.88 M/s, 最高分辨率: None
分类: 美國, 名称: Flicks of Fury, 有效: 1, IPv4: 1, IPv6: 0, 最小延迟: 95 ms, 最高速率: 15.95 M/s, 平均速率: 15.95 M/s, 最高分辨率: None
分类: 美國, 名称: Fear Factor (1080p), 有效: 1, IPv4: 1, IPv6: 0, 最小延迟: 305 ms, 最高速率: 11.28 M/s, 平均速率: 11.28 M/s, 最高分辨率: None
分类: 美國, 名称: Dog the Bounty Hunter, 有效: 1, IPv4: 1, IPv6: 0, 最小延迟: 116 ms, 最高速率: 15.29 M/s, 平均速率: 15.29 M/s, 最高分辨率: None
分类: 美國, 名称: FilmRise Classic TV (720p), 有效: 1, IPv4: 1, IPv6: 0, 最小延迟: 289 ms, 最高速率: 7.82 M/s, 平均速率: 7.82 M/s, 最高分辨率: None
分类: 美國, 名称: Fresno CMAC 1 Public Channel (720p), 有效: 0, IPv4: 1, IPv6: 0, 最小延迟: -1 ms, 最高速率: 0.00 M/s, 平均速率: 0.00 M/s, 最高分辨率: None
分类: 美國, 名称: Fresno CMAC 2 Education Channel (720p), 有效: 0, IPv4: 1, IPv6: 0, 最小延迟: -1 ms, 最高速率: 0.00 M/s, 平均速率: 0.00 M/s, 最高分辨率: None
分类: 美國, 名称: Forever Kids, 有效: 1, IPv4: 1, IPv6: 0, 最小延迟: 145 ms, 最高速率: 11.88 M/s, 平均速率: 11.88 M/s, 最高分辨率: None
分类: 美國, 名称: Forensic Files, 有效: 1, IPv4: 1, IPv6: 0, 最小延迟: 155 ms, 最高速率: 11.17 M/s, 平均速率: 11.17 M/s, 最高分辨率: None
分类: 美國, 名称: Fox Weather (720p), 有效: 1, IPv4: 1, IPv6: 0, 最小延迟: 108 ms, 最高速率: 15.92 M/s, 平均速率: 15.92 M/s, 最高分辨率: None
分类: 美國, 名称: Funny AF, 有效: 1, IPv4: 1, IPv6: 0, 最小延迟: 128 ms, 最高速率: 12.66 M/s, 平均速率: 12.66 M/s, 最高分辨率: None
分类: 美國, 名称: Garfield and Friends, 有效: 1, IPv4: 1, IPv6: 0, 最小延迟: 133 ms, 最高速率: 12.11 M/s, 平均速率: 12.11 M/s, 最高分辨率: None
分类: 美國, 名称: Game Show Central, 有效: 1, IPv4: 1, IPv6: 0, 最小延迟: 138 ms, 最高速率: 12.39 M/s, 平均速率: 12.39 M/s, 最高分辨率: None
分类: 美國, 名称: Gunsmoke, 有效: 1, IPv4: 1, IPv6: 0, 最小延迟: 116 ms, 最高速率: 13.09 M/s, 平均速率: 13.09 M/s, 最高分辨率: None
分类: 美國, 名称: Glory Kickboxing, 有效: 1, IPv4: 1, IPv6: 0, 最小延迟: 135 ms, 最高速率: 12.33 M/s, 平均速率: 12.33 M/s, 最高分辨率: None
分类: 美國, 名称: Happy Days, 有效: 1, IPv4: 1, IPv6: 0, 最小延迟: 135 ms, 最高速率: 12.08 M/s, 平均速率: 12.08 M/s, 最高分辨率: None
分类: 美國, 名称: Fun Roads (404p), 有效: 1, IPv4: 1, IPv6: 0, 最小延迟: 453 ms, 最高速率: 6.11 M/s, 平均速率: 6.11 M/s, 最高分辨率: None
分类: 美國, 名称: Heartland, 有效: 1, IPv4: 1, IPv6: 0, 最小延迟: 94 ms, 最高速率: 16.60 M/s, 平均速率: 16.60 M/s, 最高分辨率: None
分类: 美國, 名称: Impact Network (720p), 有效: 1, IPv4: 1, IPv6: 0, 最小延迟: 233 ms, 最高速率: 3.53 M/s, 平均速率: 3.53 M/s, 最高分辨率: None
分类: 美國, 名称: Duck Hunting TV, 有效: 1, IPv4: 1, IPv6: 0, 最小延迟: 1361 ms, 最高速率: 2.82 M/s, 平均速率: 2.82 M/s, 最高分辨率: None
分类: 美國, 名称: Haunt TV (1080p), 有效: 1, IPv4: 1, IPv6: 0, 最小延迟: 262 ms, 最高速率: 12.08 M/s, 平均速率: 12.08 M/s, 最高分辨率: None
分类: 美國, 名称: Jersey Shore, 有效: 1, IPv4: 1, IPv6: 0, 最小延迟: 119 ms, 最高速率: 13.71 M/s, 平均速率: 13.71 M/s, 最高分辨率: None
分类: 美國, 名称: Ink Master, 有效: 1, IPv4: 1, IPv6: 0, 最小延迟: 155 ms, 最高速率: 10.43 M/s, 平均速率: 10.43 M/s, 最高分辨率: None
分类: 美國, 名称: Judge Nosey, 有效: 1, IPv4: 1, IPv6: 0, 最小延迟: 202 ms, 最高速率: 17.57 M/s, 平均速率: 17.57 M/s, 最高分辨率: None
分类: 美國, 名称: KIRO-DT1 (1080p), 有效: 1, IPv4: 1, IPv6: 0, 最小延迟: 169 ms, 最高速率: 25.01 M/s, 平均速率: 25.01 M/s, 最高分辨率: None
分类: 美國, 名称: KidsFlix (1080p) [Not 24/7], 有效: 1, IPv4: 1, IPv6: 0, 最小延迟: 595 ms, 最高速率: 5.67 M/s, 平均速率: 5.67 M/s, 最高分辨率: None
分类: 美國, 名称: INFAST (1080p), 有效: 1, IPv4: 1, IPv6: 0, 最小延迟: 913 ms, 最高速率: 3.61 M/s, 平均速率: 3.61 M/s, 最高分辨率: None
分类: 美國, 名称: KITV 4 Island News (720p), 有效: 1, IPv4: 1, IPv6: 0, 最小延迟: 183 ms, 最高速率: 9.87 M/s, 平均速率: 9.87 M/s, 最高分辨率: None
分类: 美國, 名称: Collier County Public Schools CCPS Education Channel (Naples FL) (480p), 有效: 0, IPv4: 1, IPv6: 0, 最小延迟: 2734 ms, 最高速率: 0.83 M/s, 平均速率: 0.00 M/s, 最高分辨率: None
分类: 美國, 名称: Lacrosse TV (720p), 有效: 1, IPv4: 1, IPv6: 0, 最小延迟: 170 ms, 最高速率: 21.54 M/s, 平均速率: 21.54 M/s, 最高分辨率: None
分类: 美國, 名称: Little Stars Universe, 有效: 1, IPv4: 1, IPv6: 0, 最小延迟: 93 ms, 最高速率: 17.69 M/s, 平均速率: 17.69 M/s, 最高分辨率: None
分类: 美國, 名称: Love & Hip Hop, 有效: 1, IPv4: 1, IPv6: 0, 最小延迟: 94 ms, 最高速率: 17.45 M/s, 平均速率: 17.45 M/s, 最高分辨率: None
分类: 美國, 名称: Lupin the 3rd, 有效: 1, IPv4: 1, IPv6: 0, 最小延迟: 82 ms, 最高速率: 18.89 M/s, 平均速率: 18.89 M/s, 最高分辨率: None
分类: 美國, 名称: KSCN-DT1, 有效: 1, IPv4: 1, IPv6: 0, 最小延迟: 989 ms, 最高速率: 6.13 M/s, 平均速率: 6.13 M/s, 最高分辨率: None
分类: 美國, 名称: Logo Pluto TV, 有效: 1, IPv4: 1, IPv6: 0, 最小延迟: 142 ms, 最高速率: 13.95 M/s, 平均速率: 13.95 M/s, 最高分辨率: None
分类: 美國, 名称: Matlock, 有效: 1, IPv4: 1, IPv6: 0, 最小延迟: 111 ms, 最高速率: 15.75 M/s, 平均速率: 15.75 M/s, 最高分辨率: None
分类: 美國, 名称: KTOO 360TV 3 (FNX), 有效: 1, IPv4: 1, IPv6: 0, 最小延迟: 685 ms, 最高速率: 5.11 M/s, 平均速率: 5.11 M/s, 最高分辨率: None
分类: 美國, 名称: LEGO Kids TV, 有效: 1, IPv4: 1, IPv6: 0, 最小延迟: 101 ms, 最高速率: 17.52 M/s, 平均速率: 17.52 M/s, 最高分辨率: None
分类: 美國, 名称: Bloomberg TV US Politics Live Event (720p), 有效: 1, IPv4: 1, IPv6: 0, 最小延迟: 234 ms, 最高速率: 7.98 M/s, 平均速率: 7.98 M/s, 最高分辨率: None
分类: 美國, 名称: MCN6 Arts Channel (1080p) [Not 24/7], 有效: 1, IPv4: 1, IPv6: 0, 最小延迟: 612 ms, 最高速率: 2.26 M/s, 平均速率: 2.26 M/s, 最高分辨率: None
分类: 美國, 名称: MCN6 (1080p) [Not 24/7], 有效: 1, IPv4: 1, IPv6: 0, 最小延迟: 848 ms, 最高速率: 2.95 M/s, 平均速率: 2.95 M/s, 最高分辨率: None
分类: 美國, 名称: Mission Impossible, 有效: 1, IPv4: 1, IPv6: 0, 最小延迟: 171 ms, 最高速率: 9.27 M/s, 平均速率: 9.27 M/s, 最高分辨率: None
分类: 美國, 名称: More TV Sitcoms, 有效: 1, IPv4: 1, IPv6: 0, 最小延迟: 177 ms, 最高速率: 8.58 M/s, 平均速率: 8.58 M/s, 最高分辨率: None
分类: 美國, 名称: MLB, 有效: 1, IPv4: 1, IPv6: 0, 最小延迟: 182 ms, 最高速率: 8.80 M/s, 平均速率: 8.80 M/s, 最高分辨率: None
分类: 美國, 名称: More TV Drama, 有效: 1, IPv4: 1, IPv6: 0, 最小延迟: 196 ms, 最高速率: 9.20 M/s, 平均速率: 9.20 M/s, 最高分辨率: None
分类: 美國, 名称: MotorTrend FAST TV, 有效: 1, IPv4: 1, IPv6: 0, 最小延迟: 84 ms, 最高速率: 18.68 M/s, 平均速率: 18.68 M/s, 最高分辨率: None
分类: 美國, 名称: MTV Biggest Pop, 有效: 1, IPv4: 1, IPv6: 0, 最小延迟: 199 ms, 最高速率: 8.76 M/s, 平均速率: 8.76 M/s, 最高分辨率: None
分类: 美國, 名称: MST3K, 有效: 1, IPv4: 1, IPv6: 0, 最小延迟: 209 ms, 最高速率: 7.89 M/s, 平均速率: 7.89 M/s, 最高分辨率: None
分类: 美國, 名称: MovieSphere by Lionsgate, 有效: 1, IPv4: 1, IPv6: 0, 最小延迟: 216 ms, 最高速率: 7.23 M/s, 平均速率: 7.23 M/s, 最高分辨率: None
分类: 美國, 名称: Movies for Gamers, 有效: 1, IPv4: 1, IPv6: 0, 最小延迟: 229 ms, 最高速率: 6.92 M/s, 平均速率: 6.92 M/s, 最高分辨率: None
分类: 美國, 名称: MTV Pluto TV, 有效: 1, IPv4: 1, IPv6: 0, 最小延迟: 176 ms, 最高速率: 9.68 M/s, 平均速率: 9.68 M/s, 最高分辨率: None
分类: 美國, 名称: MovieSphere (1080p), 有效: 1, IPv4: 1, IPv6: 0, 最小延迟: 203 ms, 最高速率: 17.65 M/s, 平均速率: 17.65 M/s, 最高分辨率: None
分类: 美國, 名称: MCN6 Music Channel (1080p) [Not 24/7], 有效: 1, IPv4: 1, IPv6: 0, 最小延迟: 593 ms, 最高速率: 2.54 M/s, 平均速率: 2.54 M/s, 最高分辨率: None
分类: 美國, 名称: MTV Spankin' New, 有效: 1, IPv4: 1, IPv6: 0, 最小延迟: 118 ms, 最高速率: 13.05 M/s, 平均速率: 13.05 M/s, 最高分辨率: None
分类: 美國, 名称: Mundo Viajero, 有效: 1, IPv4: 1, IPv6: 0, 最小延迟: 134 ms, 最高速率: 12.43 M/s, 平均速率: 12.43 M/s, 最高分辨率: None
分类: 美國, 名称: News 12 New York, 有效: 1, IPv4: 1, IPv6: 0, 最小延迟: 106 ms, 最高速率: 14.59 M/s, 平均速率: 14.59 M/s, 最高分辨率: None
分类: 美國, 名称: Newsmax 2 (720p), 有效: 1, IPv4: 1, IPv6: 0, 最小延迟: 134 ms, 最高速率: 32.81 M/s, 平均速率: 32.81 M/s, 最高分辨率: None
分类: 美國, 名称: Kartoon Channel (1080p), 有效: 1, IPv4: 1, IPv6: 0, 最小延迟: 2145 ms, 最高速率: 1.58 M/s, 平均速率: 1.58 M/s, 最高分辨率: None
分类: 美國, 名称: NFL Channel, 有效: 1, IPv4: 1, IPv6: 0, 最小延迟: 212 ms, 最高速率: 7.68 M/s, 平均速率: 7.68 M/s, 最高分辨率: None
分类: 美國, 名称: Nick Jr. Pluto TV, 有效: 1, IPv4: 1, IPv6: 0, 最小延迟: 231 ms, 最高速率: 7.79 M/s, 平均速率: 7.79 M/s, 最高分辨率: None
分类: 美國, 名称: Nick Pluto TV, 有效: 1, IPv4: 1, IPv6: 0, 最小延迟: 201 ms, 最高速率: 7.87 M/s, 平均速率: 7.87 M/s, 最高分辨率: None
分类: 美國, 名称: MyTime Movie Network (1080p), 有效: 1, IPv4: 1, IPv6: 0, 最小延迟: 319 ms, 最高速率: 12.17 M/s, 平均速率: 12.17 M/s, 最高分辨率: None
分类: 美國, 名称: NBC News NOW (1080p), 有效: 1, IPv4: 1, IPv6: 0, 最小延迟: 315 ms, 最高速率: 12.42 M/s, 平均速率: 12.42 M/s, 最高分辨率: None
分类: 美國, 名称: Paramount Movie Channel, 有效: 1, IPv4: 1, IPv6: 0, 最小延迟: 169 ms, 最高速率: 10.11 M/s, 平均速率: 10.11 M/s, 最高分辨率: None
分类: 美國, 名称: Paramount+ Picks, 有效: 1, IPv4: 1, IPv6: 0, 最小延迟: 181 ms, 最高速率: 10.43 M/s, 平均速率: 10.43 M/s, 最高分辨率: None
分类: 美國, 名称: PBR RidePass, 有效: 1, IPv4: 1, IPv6: 0, 最小延迟: 169 ms, 最高速率: 9.84 M/s, 平均速率: 9.84 M/s, 最高分辨率: None
分类: 美國, 名称: OANPlus (1080p), 有效: 1, IPv4: 1, IPv6: 0, 最小延迟: 254 ms, 最高速率: 16.68 M/s, 平均速率: 16.68 M/s, 最高分辨率: None
分类: 美國, 名称: Newsy (1080p), 有效: 1, IPv4: 1, IPv6: 0, 最小延迟: 585 ms, 最高速率: 10.36 M/s, 平均速率: 10.36 M/s, 最高分辨率: None
分类: 美國, 名称: NOTV New Orleans TV (720p), 有效: 1, IPv4: 1, IPv6: 0, 最小延迟: 447 ms, 最高速率: 9.69 M/s, 平均速率: 9.69 M/s, 最高分辨率: None
分类: 美國, 名称: Pelis y Popcorn, 有效: 1, IPv4: 1, IPv6: 0, 最小延迟: 151 ms, 最高速率: 11.21 M/s, 平均速率: 11.21 M/s, 最高分辨率: None
分类: 美國, 名称: Pluto TV Action, 有效: 1, IPv4: 1, IPv6: 0, 最小延迟: 145 ms, 最高速率: 11.47 M/s, 平均速率: 11.47 M/s, 最高分辨率: None
分类: 美國, 名称: PGA Tour, 有效: 1, IPv4: 1, IPv6: 0, 最小延迟: 152 ms, 最高速率: 10.89 M/s, 平均速率: 10.89 M/s, 最高分辨率: None
分类: 美國, 名称: Palm Beaches TV (720p), 有效: 1, IPv4: 1, IPv6: 0, 最小延迟: 378 ms, 最高速率: 11.74 M/s, 平均速率: 11.74 M/s, 最高分辨率: None
分类: 美國, 名称: Outdoor Channel (1080p), 有效: 1, IPv4: 1, IPv6: 0, 最小延迟: 292 ms, 最高速率: 13.50 M/s, 平均速率: 13.50 M/s, 最高分辨率: None
分类: 美國, 名称: Pluto TV Crime Drama, 有效: 1, IPv4: 1, IPv6: 0, 最小延迟: 232 ms, 最高速率: 7.41 M/s, 平均速率: 7.41 M/s, 最高分辨率: None
分类: 美國, 名称: Pluto TV Drama, 有效: 1, IPv4: 1, IPv6: 0, 最小延迟: 275 ms, 最高速率: 6.01 M/s, 平均速率: 6.01 M/s, 最高分辨率: None
分类: 美國, 名称: Pluto TV Crime Movies, 有效: 1, IPv4: 1, IPv6: 0, 最小延迟: 288 ms, 最高速率: 6.03 M/s, 平均速率: 6.03 M/s, 最高分辨率: None
分类: 美國, 名称: Pluto TV Cult Films, 有效: 1, IPv4: 1, IPv6: 0, 最小延迟: 269 ms, 最高速率: 5.93 M/s, 平均速率: 5.93 M/s, 最高分辨率: None
分类: 美國, 名称: Pluto TV Backcountry, 有效: 1, IPv4: 1, IPv6: 0, 最小延迟: 273 ms, 最高速率: 6.59 M/s, 平均速率: 6.59 M/s, 最高分辨率: None
分类: 美國, 名称: PBS MPT Baltimore MD (WMPB) (1080p), 有效: 1, IPv4: 1, IPv6: 0, 最小延迟: 336 ms, 最高速率: 10.39 M/s, 平均速率: 10.39 M/s, 最高分辨率: None
分类: 美國, 名称: Pluto TV Cars, 有效: 1, IPv4: 1, IPv6: 0, 最小延迟: 251 ms, 最高速率: 6.77 M/s, 平均速率: 6.77 M/s, 最高分辨率: None
分类: 美國, 名称: Pluto TV Game Shows, 有效: 1, IPv4: 1, IPv6: 0, 最小延迟: 267 ms, 最高速率: 6.26 M/s, 平均速率: 6.26 M/s, 最高分辨率: None
分类: 美國, 名称: Pluto TV Horror, 有效: 1, IPv4: 1, IPv6: 0, 最小延迟: 282 ms, 最高速率: 6.05 M/s, 平均速率: 6.05 M/s, 最高分辨率: None
分类: 美國, 名称: Pluto TV Fantastic, 有效: 1, IPv4: 1, IPv6: 0, 最小延迟: 281 ms, 最高速率: 6.10 M/s, 平均速率: 6.10 M/s, 最高分辨率: None
分类: 美國, 名称: Pluto TV Military, 有效: 1, IPv4: 1, IPv6: 0, 最小延迟: 306 ms, 最高速率: 5.26 M/s, 平均速率: 5.26 M/s, 最高分辨率: None
分类: 美國, 名称: Pluto TV Lives, 有效: 1, IPv4: 1, IPv6: 0, 最小延迟: 278 ms, 最高速率: 5.85 M/s, 平均速率: 5.85 M/s, 最高分辨率: None
分类: 美國, 名称: Pluto TV Comedy, 有效: 1, IPv4: 1, IPv6: 0, 最小延迟: 259 ms, 最高速率: 6.12 M/s, 平均速率: 6.12 M/s, 最高分辨率: None
分类: 美國, 名称: Pluto TV Reaction, 有效: 1, IPv4: 1, IPv6: 0, 最小延迟: 285 ms, 最高速率: 5.89 M/s, 平均速率: 5.89 M/s, 最高分辨率: None
分类: 美國, 名称: Pluto TV Reality, 有效: 1, IPv4: 1, IPv6: 0, 最小延迟: 269 ms, 最高速率: 5.90 M/s, 平均速率: 5.90 M/s, 最高分辨率: None
分类: 美國, 名称: Pluto TV Sci-Fi, 有效: 1, IPv4: 1, IPv6: 0, 最小延迟: 178 ms, 最高速率: 9.64 M/s, 平均速率: 9.64 M/s, 最高分辨率: None
分类: 美國, 名称: Pluto TV Romance, 有效: 1, IPv4: 1, IPv6: 0, 最小延迟: 212 ms, 最高速率: 8.23 M/s, 平均速率: 8.23 M/s, 最高分辨率: None
分类: 美國, 名称: Pluto TV Thrillers, 有效: 1, IPv4: 1, IPv6: 0, 最小延迟: 218 ms, 最高速率: 8.12 M/s, 平均速率: 8.12 M/s, 最高分辨率: None
分类: 美國, 名称: Pluto TV Spotlight, 有效: 1, IPv4: 1, IPv6: 0, 最小延迟: 236 ms, 最高速率: 6.82 M/s, 平均速率: 6.82 M/s, 最高分辨率: None
分类: 美國, 名称: Pluto TV Terror, 有效: 1, IPv4: 1, IPv6: 0, 最小延迟: 254 ms, 最高速率: 7.13 M/s, 平均速率: 7.13 M/s, 最高分辨率: None
分类: 美國, 名称: Pluto TV True Crime, 有效: 1, IPv4: 1, IPv6: 0, 最小延迟: 253 ms, 最高速率: 6.63 M/s, 平均速率: 6.63 M/s, 最高分辨率: None
分类: 美國, 名称: Pluto TV Staff Picks, 有效: 1, IPv4: 1, IPv6: 0, 最小延迟: 182 ms, 最高速率: 8.60 M/s, 平均速率: 8.60 M/s, 最高分辨率: None
分类: 美國, 名称: Pluto TV Science, 有效: 1, IPv4: 1, IPv6: 0, 最小延迟: 177 ms, 最高速率: 12.44 M/s, 平均速率: 12.44 M/s, 最高分辨率: None
分类: 美國, 名称: Pluto TV Westerns, 有效: 1, IPv4: 1, IPv6: 0, 最小延迟: 116 ms, 最高速率: 13.35 M/s, 平均速率: 13.35 M/s, 最高分辨率: None
分类: 美國, 名称: PokerGo, 有效: 1, IPv4: 1, IPv6: 0, 最小延迟: 123 ms, 最高速率: 13.24 M/s, 平均速率: 13.24 M/s, 最高分辨率: None
分类: 美國, 名称: Pursuit UP (720p), 有效: 1, IPv4: 1, IPv6: 0, 最小延迟: 163 ms, 最高速率: 25.87 M/s, 平均速率: 25.87 M/s, 最高分辨率: None
分类: 美國, 名称: Real Wild (1080p), 有效: 1, IPv4: 1, IPv6: 0, 最小延迟: 176 ms, 最高速率: 16.88 M/s, 平均速率: 16.88 M/s, 最高分辨率: None
分类: 美國, 名称: RiffTrax, 有效: 1, IPv4: 1, IPv6: 0, 最小延迟: 121 ms, 最高速率: 14.04 M/s, 平均速率: 14.04 M/s, 最高分辨率: None
分类: 美國, 名称: PowerNation (1080p), 有效: 1, IPv4: 1, IPv6: 0, 最小延迟: 237 ms, 最高速率: 20.96 M/s, 平均速率: 20.96 M/s, 最高分辨率: None
分类: 美國, 名称: Roar (1080p), 有效: 1, IPv4: 1, IPv6: 0, 最小延迟: 75 ms, 最高速率: 12.62 M/s, 平均速率: 12.62 M/s, 最高分辨率: None
分类: 美國, 名称: Smithsonian Channel Selects, 有效: 1, IPv4: 1, IPv6: 0, 最小延迟: 84 ms, 最高速率: 17.64 M/s, 平均速率: 17.64 M/s, 最高分辨率: None
分类: 美國, 名称: Revry LatinX, 有效: 1, IPv4: 1, IPv6: 0, 最小延迟: 162 ms, 最高速率: 13.45 M/s, 平均速率: 13.45 M/s, 最高分辨率: None
分类: 美國, 名称: Spike Outdoors, 有效: 1, IPv4: 1, IPv6: 0, 最小延迟: 186 ms, 最高速率: 9.25 M/s, 平均速率: 9.25 M/s, 最高分辨率: None
分类: 美國, 名称: Revry, 有效: 1, IPv4: 1, IPv6: 0, 最小延迟: 250 ms, 最高速率: 14.11 M/s, 平均速率: 14.11 M/s, 最高分辨率: None
分类: 美國, 名称: Revry Queer (720p), 有效: 1, IPv4: 1, IPv6: 0, 最小延迟: 254 ms, 最高速率: 14.73 M/s, 平均速率: 14.73 M/s, 最高分辨率: None
分类: 美國, 名称: Scientology Network (1080p), 有效: 1, IPv4: 1, IPv6: 0, 最小延迟: 423 ms, 最高速率: 10.33 M/s, 平均速率: 10.33 M/s, 最高分辨率: None
分类: 美國, 名称: Spike Pluto TV, 有效: 1, IPv4: 1, IPv6: 0, 最小延迟: 98 ms, 最高速率: 17.43 M/s, 平均速率: 17.43 M/s, 最高分辨率: None
分类: 美國, 名称: Spirit TV (720p) [Not 24/7], 有效: 1, IPv4: 1, IPv6: 0, 最小延迟: 121 ms, 最高速率: 22.98 M/s, 平均速率: 22.98 M/s, 最高分辨率: None
分类: 美國, 名称: Stories by AMC, 有效: 1, IPv4: 1, IPv6: 0, 最小延迟: 94 ms, 最高速率: 17.45 M/s, 平均速率: 17.45 M/s, 最高分辨率: None
分类: 美國, 名称: Rifle Community TV RCTV (Rifle CO) (720p), 有效: 1, IPv4: 1, IPv6: 0, 最小延迟: 427 ms, 最高速率: 9.44 M/s, 平均速率: 9.44 M/s, 最高分辨率: None
分类: 美國, 名称: Story Television, 有效: 1, IPv4: 1, IPv6: 0, 最小延迟: 103 ms, 最高速率: 6.44 M/s, 平均速率: 6.44 M/s, 最高分辨率: None
分类: 美國, 名称: SportsGrid (1080p), 有效: 1, IPv4: 1, IPv6: 0, 最小延迟: 214 ms, 最高速率: 12.18 M/s, 平均速率: 12.18 M/s, 最高分辨率: None
分类: 美國, 名称: Star Trek, 有效: 1, IPv4: 1, IPv6: 0, 最小延迟: 169 ms, 最高速率: 10.33 M/s, 平均速率: 10.33 M/s, 最高分辨率: None
分类: 美國, 名称: The Amazing Race, 有效: 1, IPv4: 1, IPv6: 0, 最小延迟: 122 ms, 最高速率: 12.70 M/s, 平均速率: 12.70 M/s, 最高分辨率: None
分类: 美國, 名称: The Addams Family, 有效: 1, IPv4: 1, IPv6: 0, 最小延迟: 148 ms, 最高速率: 10.49 M/s, 平均速率: 10.49 M/s, 最高分辨率: None
分类: 美國, 名称: Sound View Community Media Education (480p), 有效: 1, IPv4: 1, IPv6: 0, 最小延迟: 483 ms, 最高速率: 7.94 M/s, 平均速率: 7.94 M/s, 最高分辨率: None
分类: 美國, 名称: Talkin Live Classics TV (480p), 有效: 1, IPv4: 1, IPv6: 0, 最小延迟: 133 ms, 最高速率: 5.97 M/s, 平均速率: 5.97 M/s, 最高分辨率: None
分类: 美國, 名称: The Andy Griffith Show, 有效: 1, IPv4: 1, IPv6: 0, 最小延迟: 149 ms, 最高速率: 11.45 M/s, 平均速率: 11.45 M/s, 最高分辨率: None
分类: 美國, 名称: The Challenge, 有效: 1, IPv4: 1, IPv6: 0, 最小延迟: 129 ms, 最高速率: 12.10 M/s, 平均速率: 12.10 M/s, 最高分辨率: None
分类: 美國, 名称: The Jamie Oliver Channel, 有效: 1, IPv4: 1, IPv6: 0, 最小延迟: 177 ms, 最高速率: 11.14 M/s, 平均速率: 11.14 M/s, 最高分辨率: None
分类: 美國, 名称: The Archive (1080p), 有效: 0, IPv4: 1, IPv6: 0, 最小延迟: -1 ms, 最高速率: 0.00 M/s, 平均速率: 0.00 M/s, 最高分辨率: None
分类: 美國, 名称: The Nest, 有效: 1, IPv4: 1, IPv6: 0, 最小延迟: 114 ms, 最高速率: 9.69 M/s, 平均速率: 9.69 M/s, 最高分辨率: None
分类: 美國, 名称: The First TV (1080p), 有效: 1, IPv4: 1, IPv6: 0, 最小延迟: 193 ms, 最高速率: 28.72 M/s, 平均速率: 28.72 M/s, 最高分辨率: None
分类: 美國, 名称: The Rifleman, 有效: 1, IPv4: 1, IPv6: 0, 最小延迟: 126 ms, 最高速率: 14.11 M/s, 平均速率: 14.11 M/s, 最高分辨率: None
分类: 美國, 名称: The Walking Dead Universe, 有效: 1, IPv4: 1, IPv6: 0, 最小延迟: 143 ms, 最高速率: 11.91 M/s, 平均速率: 11.91 M/s, 最高分辨率: None
分类: 美國, 名称: Three's Company, 有效: 1, IPv4: 1, IPv6: 0, 最小延迟: 147 ms, 最高速率: 10.69 M/s, 平均速率: 10.69 M/s, 最高分辨率: None
分类: 美國, 名称: This Old House, 有效: 1, IPv4: 1, IPv6: 0, 最小延迟: 162 ms, 最高速率: 9.83 M/s, 平均速率: 9.83 M/s, 最高分辨率: None
分类: 美國, 名称: Tiny House Nation, 有效: 1, IPv4: 1, IPv6: 0, 最小延迟: 105 ms, 最高速率: 15.03 M/s, 平均速率: 15.03 M/s, 最高分辨率: None
分类: 美國, 名称: TODAY All Day, 有效: 1, IPv4: 1, IPv6: 0, 最小延迟: 117 ms, 最高速率: 13.25 M/s, 平均速率: 13.25 M/s, 最高分辨率: None
分类: 美國, 名称: Tosh.0, 有效: 1, IPv4: 1, IPv6: 0, 最小延迟: 160 ms, 最高速率: 11.05 M/s, 平均速率: 11.05 M/s, 最高分辨率: None
分类: 美國, 名称: Totally Turtles, 有效: 1, IPv4: 1, IPv6: 0, 最小延迟: 163 ms, 最高速率: 10.32 M/s, 平均速率: 10.32 M/s, 最高分辨率: None
分类: 美國, 名称: The Twilight Zone, 有效: 1, IPv4: 1, IPv6: 0, 最小延迟: 137 ms, 最高速率: 11.58 M/s, 平均速率: 11.58 M/s, 最高分辨率: None
分类: 美國, 名称: True History (720p), 有效: 1, IPv4: 1, IPv6: 0, 最小延迟: 143 ms, 最高速率: 16.11 M/s, 平均速率: 16.11 M/s, 最高分辨率: None
分类: 美國, 名称: The New Detectives, 有效: 1, IPv4: 1, IPv6: 0, 最小延迟: 109 ms, 最高速率: 13.76 M/s, 平均速率: 13.76 M/s, 最高分辨率: None
分类: 美國, 名称: TV Land Drama, 有效: 1, IPv4: 1, IPv6: 0, 最小延迟: 98 ms, 最高速率: 15.54 M/s, 平均速率: 15.54 M/s, 最高分辨率: None
分类: 美國, 名称: TV Land Sitcoms, 有效: 1, IPv4: 1, IPv6: 0, 最小延迟: 111 ms, 最高速率: 14.86 M/s, 平均速率: 14.86 M/s, 最高分辨率: None
分类: 美國, 名称: Unsolved Mysteries, 有效: 1, IPv4: 1, IPv6: 0, 最小延迟: 196 ms, 最高速率: 10.28 M/s, 平均速率: 10.28 M/s, 最高分辨率: None
分类: 美國, 名称: Vevo R&B, 有效: 1, IPv4: 1, IPv6: 0, 最小延迟: 166 ms, 最高速率: 9.78 M/s, 平均速率: 9.78 M/s, 最高分辨率: None
分类: 美國, 名称: Vevo True School Hip-Hop, 有效: 1, IPv4: 1, IPv6: 0, 最小延迟: 186 ms, 最高速率: 9.13 M/s, 平均速率: 9.13 M/s, 最高分辨率: None
分类: 美國, 名称: Unbeaten (1080p), 有效: 1, IPv4: 1, IPv6: 0, 最小延迟: 294 ms, 最高速率: 10.95 M/s, 平均速率: 10.95 M/s, 最高分辨率: None
分类: 美國, 名称: ToonGoggles (720p), 有效: 1, IPv4: 1, IPv6: 0, 最小延迟: 402 ms, 最高速率: 5.40 M/s, 平均速率: 5.40 M/s, 最高分辨率: None
分类: 美國, 名称: Ryan and Friends (1080p), 有效: 1, IPv4: 1, IPv6: 0, 最小延迟: 285 ms, 最高速率: 17.31 M/s, 平均速率: 17.31 M/s, 最高分辨率: None
分类: 美國, 名称: Vice TV (1080p), 有效: 1, IPv4: 1, IPv6: 0, 最小延迟: 251 ms, 最高速率: 21.87 M/s, 平均速率: 21.87 M/s, 最高分辨率: None
分类: 美國, 名称: Waypoint TV (1080p), 有效: 1, IPv4: 1, IPv6: 0, 最小延迟: 194 ms, 最高速率: 18.34 M/s, 平均速率: 18.34 M/s, 最高分辨率: None
分类: 美國, 名称: WeatherNation New York, 有效: 1, IPv4: 1, IPv6: 0, 最小延迟: 138 ms, 最高速率: 13.19 M/s, 平均速率: 13.19 M/s, 最高分辨率: None
分类: 美國, 名称: Western TV, 有效: 1, IPv4: 1, IPv6: 0, 最小延迟: 98 ms, 最高速率: 15.82 M/s, 平均速率: 15.82 M/s, 最高分辨率: None
分类: 美國, 名称: Wild 'N Out, 有效: 1, IPv4: 1, IPv6: 0, 最小延迟: 78 ms, 最高速率: 19.69 M/s, 平均速率: 19.69 M/s, 最高分辨率: None
分类: 美國, 名称: WMPT-DT2 (PBS Create), 有效: 1, IPv4: 1, IPv6: 0, 最小延迟: 119 ms, 最高速率: 9.26 M/s, 平均速率: 9.26 M/s, 最高分辨率: None
分类: 美國, 名称: WCBI (Columbus MI) (720p), 有效: 1, IPv4: 1, IPv6: 0, 最小延迟: 224 ms, 最高速率: 25.16 M/s, 平均速率: 25.16 M/s, 最高分辨率: None
分类: 美國, 名称: WJAX-DT1 (1080p), 有效: 1, IPv4: 1, IPv6: 0, 最小延迟: 225 ms, 最高速率: 19.80 M/s, 平均速率: 19.80 M/s, 最高分辨率: None
分类: 美國, 名称: WCOT 13 (Tallahassee FL) (720p), 有效: 1, IPv4: 1, IPv6: 0, 最小延迟: 475 ms, 最高速率: 1.30 M/s, 平均速率: 1.30 M/s, 最高分辨率: None
分类: 美國, 名称: WHIO-DT1 (1080p), 有效: 1, IPv4: 1, IPv6: 0, 最小延迟: 414 ms, 最高速率: 12.85 M/s, 平均速率: 12.85 M/s, 最高分辨率: None
分类: 美國, 名称: WHPS Detroit, 有效: 1, IPv4: 1, IPv6: 0, 最小延迟: 543 ms, 最高速率: 11.62 M/s, 平均速率: 11.62 M/s, 最高分辨率: None
分类: 美國, 名称: WPS TV (360p), 有效: 0, IPv4: 1, IPv6: 0, 最小延迟: -1 ms, 最高速率: 0.00 M/s, 平均速率: 0.00 M/s, 最高分辨率: None
分类: 美國, 名称: WWON TV CH 48, 有效: 1, IPv4: 1, IPv6: 0, 最小延迟: 146 ms, 最高速率: 3.87 M/s, 平均速率: 3.87 M/s, 最高分辨率: None
分类: 美國, 名称: Yo! MTV, 有效: 1, IPv4: 1, IPv6: 0, 最小延迟: 113 ms, 最高速率: 17.03 M/s, 平均速率: 17.03 M/s, 最高分辨率: None
分类: 美國, 名称: Wipeout Xtra (1080p), 有效: 1, IPv4: 1, IPv6: 0, 最小延迟: 377 ms, 最高速率: 9.75 M/s, 平均速率: 9.75 M/s, 最高分辨率: None
分类: 美國, 名称: UCTV University of California (720p) [Not 24/7], 有效: 1, IPv4: 1, IPv6: 0, 最小延迟: 1243 ms, 最高速率: 1.88 M/s, 平均速率: 1.88 M/s, 最高分辨率: None
分类: 美國, 名称: WSB-DT1 (1080p), 有效: 1, IPv4: 1, IPv6: 0, 最小延迟: 252 ms, 最高速率: 18.56 M/s, 平均速率: 18.56 M/s, 最高分辨率: None
分类: 美國, 名称: WSOC-DT1 (1080p), 有效: 1, IPv4: 1, IPv6: 0, 最小延迟: 413 ms, 最高速率: 15.14 M/s, 平均速率: 15.14 M/s, 最高分辨率: None
分类: 美國, 名称: WXXV-TV News (Biloxi MS) (720p), 有效: 1, IPv4: 1, IPv6: 0, 最小延迟: 201 ms, 最高速率: 26.09 M/s, 平均速率: 26.09 M/s, 最高分辨率: None
